
> farlands-editor-web@0.1.0 build
> next build --turbopack

node.exe : [baseline-browser-mapping] The data in this module is over two months old.  To ensure accurate Baseline data, please update: 
`npm i baseline-browser-mapping@latest -D`
En línea: 1 Carácter: 1
+ & "C:\nvm4w\nodejs/node.exe" "C:\Users\gusta\AppData\Roaming\npm/node ...
+ ~~~~~~~~~~~~~~~~~~~~~~~~~~~~~~~~~~~~~~~~~~~~~~~~~~~~~~~~~~~~~~~~~~~~~
    + CategoryInfo          : NotSpecified: ([baseline-brows...ping@latest -D`:String) [], RemoteException
    + FullyQualifiedErrorId : NativeCommandError
 
Ôû▓ Next.js 16.1.6 (Turbopack)
- Environments: .env.local

  Creating an optimized production build ...
[baseline-browser-mapping] The data in this module is over two months old.  To ensure accurate Baseline data, please update: `npm i 
baseline-browser-mapping@latest -D`
Turbopack build encountered 5 warnings:
./src/app/style/globals.scss
Issue while running loader
SassWarning: Deprecation Warning on line 0, column 8 of 
file:///G:/farlands-editor-web/FarlandsWebEditor/node_modules/bootstrap/scss/bootstrap.scss:0:8:
Sass @import rules are deprecated and will be removed in Dart Sass 3.0.0.

More info and automated migrator: https://sass-lang.com/d/import

0 | @import "mixins/banner";


node_modules\bootstrap\scss\bootstrap.scss 1:9  @import
src\app\style\bootstrap.scss 2:9                @import
src\app\style\globals.scss 1:9                  root stylesheet



./src/app/style/globals.scss
Issue while running loader
SassWarning: Deprecation Warning on line 0, column 8 of file:///G:/farlands-editor-web/FarlandsWebEditor/src/app/style/globals.scss:0:8:
Sass @import rules are deprecated and will be removed in Dart Sass 3.0.0.

More info and automated migrator: https://sass-lang.com/d/import

0 | @import "bootstrap";


src\app\style\globals.scss 1:9  root stylesheet



./src/app/style/globals.scss
Issue while running loader
SassWarning: Deprecation Warning on line 1, column 8 of file:///G:/farlands-editor-web/FarlandsWebEditor/src/app/style/bootstrap.scss:1:8:
Sass @import rules are deprecated and will be removed in Dart Sass 3.0.0.

More info and automated migrator: https://sass-lang.com/d/import

1 | @import "~bootstrap/scss/bootstrap";


src\app\style\bootstrap.scss 2:9  @import
src\app\style\globals.scss 1:9    root stylesheet



./src/app/style/globals.scss
Issue while running loader
SassWarning: Deprecation Warning on line 45, column 8 of file:///G:/farlands-editor-web/FarlandsWebEditor/src/app/style/globals.scss:45:8:
Sass @import rules are deprecated and will be removed in Dart Sass 3.0.0.

More info and automated migrator: https://sass-lang.com/d/import

45 | @import "style";

src\app\style\globals.scss 46:9  root stylesheet



./src/app/style/globals.scss
Issue while running loader
SassWarning: Deprecation Warning on line 6, column 8 of 
file:///G:/farlands-editor-web/FarlandsWebEditor/node_modules/bootstrap/scss/bootstrap.scss:6:8:
Sass @import rules are deprecated and will be removed in Dart Sass 3.0.0.

More info and automated migrator: https://sass-lang.com/d/import

6 | @import "functions";


node_modules\bootstrap\scss\bootstrap.scss 7:9  @import
src\app\style\bootstrap.scss 2:9                @import
src\app\style\globals.scss 1:9                  root stylesheet




> Build error occurred
Error: Turbopack build failed with 1 errors:
./src/app/style/globals.scss
Error evaluating Node.js code
Error: Can't find stylesheet to import.
  ÔòÀ
1 Ôöé @import "mixins/banner";
  Ôöé         ^^^^^^^^^^^^^^^
  ÔòÁ
  node_modules\bootstrap\scss\bootstrap.scss 1:9  @import
  src\app\style\bootstrap.scss 2:9                @import
  src\app\style\globals.scss 1:9                  root stylesheet
Caused by: Error: Can't find stylesheet to import.
  ÔòÀ
1 Ôöé @import "mixins/banner";
  Ôöé         ^^^^^^^^^^^^^^^
  ÔòÁ
  node_modules\bootstrap\scss\bootstrap.scss 1:9  @import
  src\app\style\bootstrap.scss 2:9                @import
  src\app\style\globals.scss 1:9                  root stylesheet
    [at Object.wrapException (G:\farlands-editor-web\FarlandsWebEditor\node_modules\sass\sass.dart.js:2292:47)]
    [at G:\farlands-editor-web\FarlandsWebEditor\node_modules\sass\sass.dart.js:87606:25]
    [at _wrapJsFunctionForAsync_closure.$protected (G:\farlands-editor-web\FarlandsWebEditor\node_modules\sass\sass.dart.js:4960:15)]
    [at _wrapJsFunctionForAsync_closure.call$2 (G:\farlands-editor-web\FarlandsWebEditor\node_modules\sass\sass.dart.js:37968:12)]
    [at _awaitOnObject_closure.call$1 (G:\farlands-editor-web\FarlandsWebEditor\node_modules\sass\sass.dart.js:37956:32)]
    [at Object._rootRunUnary (G:\farlands-editor-web\FarlandsWebEditor\node_modules\sass\sass.dart.js:5378:18)]
    [at StaticClosure.<anonymous> (G:\farlands-editor-web\FarlandsWebEditor\node_modules\sass\sass.dart.js:124712:16)]
    [at _CustomZone.runUnary$2$2 (G:\farlands-editor-web\FarlandsWebEditor\node_modules\sass\sass.dart.js:39399:39)]
    [at _Future__propagateToListeners_handleValueCallback.call$0 
(G:\farlands-editor-web\FarlandsWebEditor\node_modules\sass\sass.dart.js:38457:51)]
    [at Object._Future__propagateToListeners (G:\farlands-editor-web\FarlandsWebEditor\node_modules\sass\sass.dart.js:5170:93)]


    at ignore-listed frames
